design5|c:/My_Designs/design5/design5/src/Traffic_signal.v|c:/My_Designs/design5/design5/compile/refresh.tmp|c:/My_Designs/design5/design5/compile/vcp_cmd.encr|1656677227.00
design5|c:/My_Designs/design5/design5/src/Traffic_signal.v|c:/My_Designs/design5/design5/compile/refresh.tmp|c:/My_Designs/design5/design5/compile/vcp_cmd.encr|1656677344.00
